bii 3
dyf 3
gaq 3
hab 3
iwu 3
jmx 3
kbj 3
mmj 3
obj 3
oik 3
ooz 3
qgs 3
uiw 3
uts 3
yjd 3
arp 2
bfc 2
bhf 2
cgc 2
dom 2
eih 2
fjz 2
hcl 2
kaw 2
qyx 2
rbo 2
tuh 2
vfe 2
yzv 2
ayx 1
bzt 1
hqb 1
jus 1
jxw 1
laf 1
min 1
ncp 1
otz 1
qay 1
sgk 1
uwc 1
wlt 1
xef 1
ags 0
cgp 0
dmx 0
drd 0
dvu 0
grj 0
jjh 0
jxo 0
kog 0
ksk 0
ngh 0
ppi 0
qah 0
xtb 0
yni 0
zbr 0
zpg 0
